// Jest Snapshot v1, https://goo.gl/fbAQLP

exports[`test a componente <GifGrdi/> debe mostrarse correctamente el componente 1`] = `
<Fragment>
  <h2
    className=" animate__animated animate__fadeIn"
  >
    jordan
  </h2>
  <p
    className="animate__animated animate__flash"
  >
    Cargando
  </p>
  <div
    className="card-grid"
  />
</Fragment>
`;
